SQL> 
SQL> REM CHARACTER FUNCTIONS : UPPER LOWER INITCAP
SQL> 
SQL> REM CHARACTER FUNCTIONS : CONCAT  LPAD RPAD   LTRIM RTRIM TRIM  LENGTH   TRANSLATE REPLACE   SUBSTR INSTR
SQL> 
SQL> REM SUBSTR : TO SEPARATE SOME CHARACTERS FROM LEFT , RIGHT OR MIDDLE.
SQL> 
SQL> SET LINES 200 PAGES 24
SQL> 
SQL> SELECT HIRE_DATE , SUBSTR(HIRE_DATE,1,2) FROM EMPLOYEES;

HIRE_DATE SUBSTR(H                                                                                                                                                                                      
--------- --------                                                                                                                                                                                      
17-JUL-87 17                                                                                                                                                                                            
21-SEP-89 21                                                                                                                                                                                            
13-JAN-93 13                                                                                                                                                                                            
03-JAN-90 03                                                                                                                                                                                            
21-MAY-91 21                                                                                                                                                                                            
07-FEB-99 07                                                                                                                                                                                            
16-NOV-99 16                                                                                                                                                                                            
17-OCT-95 17                                                                                                                                                                                            
29-JAN-97 29                                                                                                                                                                                            
15-MAR-98 15                                                                                                                                                                                            
09-JUL-98 09                                                                                                                                                                                            
29-JAN-00 29                                                                                                                                                                                            
11-MAY-96 11                                                                                                                                                                                            
24-MAR-98 24                                                                                                                                                                                            
24-MAY-99 24                                                                                                                                                                                            
17-SEP-87 17                                                                                                                                                                                            
17-FEB-96 17                                                                                                                                                                                            
17-AUG-97 17                                                                                                                                                                                            
07-JUN-94 07                                                                                                                                                                                            
07-JUN-94 07                                                                                                                                                                                            

20 rows selected.

SQL> SELECT HIRE_DATE , SUBSTR(HIRE_DATE,4,3) FROM EMPLOYEES;

HIRE_DATE SUBSTR(HIRE_                                                                                                                                                                                  
--------- ------------                                                                                                                                                                                  
17-JUL-87 JUL                                                                                                                                                                                           
21-SEP-89 SEP                                                                                                                                                                                           
13-JAN-93 JAN                                                                                                                                                                                           
03-JAN-90 JAN                                                                                                                                                                                           
21-MAY-91 MAY                                                                                                                                                                                           
07-FEB-99 FEB                                                                                                                                                                                           
16-NOV-99 NOV                                                                                                                                                                                           
17-OCT-95 OCT                                                                                                                                                                                           
29-JAN-97 JAN                                                                                                                                                                                           
15-MAR-98 MAR                                                                                                                                                                                           
09-JUL-98 JUL                                                                                                                                                                                           
29-JAN-00 JAN                                                                                                                                                                                           
11-MAY-96 MAY                                                                                                                                                                                           
24-MAR-98 MAR                                                                                                                                                                                           
24-MAY-99 MAY                                                                                                                                                                                           
17-SEP-87 SEP                                                                                                                                                                                           
17-FEB-96 FEB                                                                                                                                                                                           
17-AUG-97 AUG                                                                                                                                                                                           
07-JUN-94 JUN                                                                                                                                                                                           
07-JUN-94 JUN                                                                                                                                                                                           

20 rows selected.

SQL> SELECT HIRE_DATE , SUBSTR(HIRE_DATE,8,2) FROM EMPLOYEES;

HIRE_DATE SUBSTR(H                                                                                                                                                                                      
--------- --------                                                                                                                                                                                      
17-JUL-87 87                                                                                                                                                                                            
21-SEP-89 89                                                                                                                                                                                            
13-JAN-93 93                                                                                                                                                                                            
03-JAN-90 90                                                                                                                                                                                            
21-MAY-91 91                                                                                                                                                                                            
07-FEB-99 99                                                                                                                                                                                            
16-NOV-99 99                                                                                                                                                                                            
17-OCT-95 95                                                                                                                                                                                            
29-JAN-97 97                                                                                                                                                                                            
15-MAR-98 98                                                                                                                                                                                            
09-JUL-98 98                                                                                                                                                                                            
29-JAN-00 00                                                                                                                                                                                            
11-MAY-96 96                                                                                                                                                                                            
24-MAR-98 98                                                                                                                                                                                            
24-MAY-99 99                                                                                                                                                                                            
17-SEP-87 87                                                                                                                                                                                            
17-FEB-96 96                                                                                                                                                                                            
17-AUG-97 97                                                                                                                                                                                            
07-JUN-94 94                                                                                                                                                                                            
07-JUN-94 94                                                                                                                                                                                            

20 rows selected.

SQL> SELECT HIRE_DATE , SUBSTR(HIRE_DATE,8) FROM EMPLOYEES;

HIRE_DATE SUBSTR(HIRE_DATE,8)                                                                                                                                                                           
--------- --------------------------------------------                                                                                                                                                  
17-JUL-87 87                                                                                                                                                                                            
21-SEP-89 89                                                                                                                                                                                            
13-JAN-93 93                                                                                                                                                                                            
03-JAN-90 90                                                                                                                                                                                            
21-MAY-91 91                                                                                                                                                                                            
07-FEB-99 99                                                                                                                                                                                            
16-NOV-99 99                                                                                                                                                                                            
17-OCT-95 95                                                                                                                                                                                            
29-JAN-97 97                                                                                                                                                                                            
15-MAR-98 98                                                                                                                                                                                            
09-JUL-98 98                                                                                                                                                                                            
29-JAN-00 00                                                                                                                                                                                            
11-MAY-96 96                                                                                                                                                                                            
24-MAR-98 98                                                                                                                                                                                            
24-MAY-99 99                                                                                                                                                                                            
17-SEP-87 87                                                                                                                                                                                            
17-FEB-96 96                                                                                                                                                                                            
17-AUG-97 97                                                                                                                                                                                            
07-JUN-94 94                                                                                                                                                                                            
07-JUN-94 94                                                                                                                                                                                            

20 rows selected.

SQL> SELECT HIRE_DATE , SUBSTR(HIRE_DATE,-2) FROM EMPLOYEES;

HIRE_DATE SUBSTR(H                                                                                                                                                                                      
--------- --------                                                                                                                                                                                      
17-JUL-87 87                                                                                                                                                                                            
21-SEP-89 89                                                                                                                                                                                            
13-JAN-93 93                                                                                                                                                                                            
03-JAN-90 90                                                                                                                                                                                            
21-MAY-91 91                                                                                                                                                                                            
07-FEB-99 99                                                                                                                                                                                            
16-NOV-99 99                                                                                                                                                                                            
17-OCT-95 95                                                                                                                                                                                            
29-JAN-97 97                                                                                                                                                                                            
15-MAR-98 98                                                                                                                                                                                            
09-JUL-98 98                                                                                                                                                                                            
29-JAN-00 00                                                                                                                                                                                            
11-MAY-96 96                                                                                                                                                                                            
24-MAR-98 98                                                                                                                                                                                            
24-MAY-99 99                                                                                                                                                                                            
17-SEP-87 87                                                                                                                                                                                            
17-FEB-96 96                                                                                                                                                                                            
17-AUG-97 97                                                                                                                                                                                            
07-JUN-94 94                                                                                                                                                                                            
07-JUN-94 94                                                                                                                                                                                            

20 rows selected.

SQL> SELECT HIRE_DATE , SUBSTR(HIRE_DATE,-6,3) FROM EMPLOYEES;

HIRE_DATE SUBSTR(HIRE_                                                                                                                                                                                  
--------- ------------                                                                                                                                                                                  
17-JUL-87 JUL                                                                                                                                                                                           
21-SEP-89 SEP                                                                                                                                                                                           
13-JAN-93 JAN                                                                                                                                                                                           
03-JAN-90 JAN                                                                                                                                                                                           
21-MAY-91 MAY                                                                                                                                                                                           
07-FEB-99 FEB                                                                                                                                                                                           
16-NOV-99 NOV                                                                                                                                                                                           
17-OCT-95 OCT                                                                                                                                                                                           
29-JAN-97 JAN                                                                                                                                                                                           
15-MAR-98 MAR                                                                                                                                                                                           
09-JUL-98 JUL                                                                                                                                                                                           
29-JAN-00 JAN                                                                                                                                                                                           
11-MAY-96 MAY                                                                                                                                                                                           
24-MAR-98 MAR                                                                                                                                                                                           
24-MAY-99 MAY                                                                                                                                                                                           
17-SEP-87 SEP                                                                                                                                                                                           
17-FEB-96 FEB                                                                                                                                                                                           
17-AUG-97 AUG                                                                                                                                                                                           
07-JUN-94 JUN                                                                                                                                                                                           
07-JUN-94 JUN                                                                                                                                                                                           

20 rows selected.

SQL> SELECT HIRE_DATE , SUBSTR(HIRE_DATE,-9,2) FROM EMPLOYEES;

HIRE_DATE SUBSTR(H                                                                                                                                                                                      
--------- --------                                                                                                                                                                                      
17-JUL-87 17                                                                                                                                                                                            
21-SEP-89 21                                                                                                                                                                                            
13-JAN-93 13                                                                                                                                                                                            
03-JAN-90 03                                                                                                                                                                                            
21-MAY-91 21                                                                                                                                                                                            
07-FEB-99 07                                                                                                                                                                                            
16-NOV-99 16                                                                                                                                                                                            
17-OCT-95 17                                                                                                                                                                                            
29-JAN-97 29                                                                                                                                                                                            
15-MAR-98 15                                                                                                                                                                                            
09-JUL-98 09                                                                                                                                                                                            
29-JAN-00 29                                                                                                                                                                                            
11-MAY-96 11                                                                                                                                                                                            
24-MAR-98 24                                                                                                                                                                                            
24-MAY-99 24                                                                                                                                                                                            
17-SEP-87 17                                                                                                                                                                                            
17-FEB-96 17                                                                                                                                                                                            
17-AUG-97 17                                                                                                                                                                                            
07-JUN-94 07                                                                                                                                                                                            
07-JUN-94 07                                                                                                                                                                                            

20 rows selected.

SQL> REM 1 1787
SQL> 
SQL> REM 87#jul|17
SQL> 
SQL> REM 1 1787
SQL> 
SQL> SELECT HIRE_DATE , SUBSTR(HIRE_DATE,1,2)||SUBSTR(HIRE_DATE,-2) FROM EMPLOYEES;

HIRE_DATE SUBSTR(HIRE_DATE                                                                                                                                                                              
--------- ----------------                                                                                                                                                                              
17-JUL-87 1787                                                                                                                                                                                          
21-SEP-89 2189                                                                                                                                                                                          
13-JAN-93 1393                                                                                                                                                                                          
03-JAN-90 0390                                                                                                                                                                                          
21-MAY-91 2191                                                                                                                                                                                          
07-FEB-99 0799                                                                                                                                                                                          
16-NOV-99 1699                                                                                                                                                                                          
17-OCT-95 1795                                                                                                                                                                                          
29-JAN-97 2997                                                                                                                                                                                          
15-MAR-98 1598                                                                                                                                                                                          
09-JUL-98 0998                                                                                                                                                                                          
29-JAN-00 2900                                                                                                                                                                                          
11-MAY-96 1196                                                                                                                                                                                          
24-MAR-98 2498                                                                                                                                                                                          
24-MAY-99 2499                                                                                                                                                                                          
17-SEP-87 1787                                                                                                                                                                                          
17-FEB-96 1796                                                                                                                                                                                          
17-AUG-97 1797                                                                                                                                                                                          
07-JUN-94 0794                                                                                                                                                                                          
07-JUN-94 0794                                                                                                                                                                                          

20 rows selected.

SQL> REM 87#jul|17
SQL> 
SQL> SELECT HIRE_DATE , SUBSTR(HIRE_DATE,-2)||'#'||SUBSTR(LOWER(HIRE_DATE,4,3))||'|'||SUBSTR(HIRE_DATE,1,2) FROM EMPLOYEES;
SELECT HIRE_DATE , SUBSTR(HIRE_DATE,-2)||'#'||SUBSTR(LOWER(HIRE_DATE,4,3))||'|'||SUBSTR(HIRE_DATE,1,2) FROM EMPLOYEES
                                                     *
ERROR at line 1:
ORA-00909: invalid number of arguments 


SQL> SELECT HIRE_DATE , SUBSTR(HIRE_DATE,-2)||'#'||SUBSTR(LOWER(HIRE_DATE),4,3)||'|'||SUBSTR(HIRE_DATE,1,2) FROM EMPLOYEES;

HIRE_DATE SUBSTR(HIRE_DATE,-2)||'#'||SUB                                                                                                                                                                
--------- ------------------------------                                                                                                                                                                
17-JUL-87 87#jul|17                                                                                                                                                                                     
21-SEP-89 89#sep|21                                                                                                                                                                                     
13-JAN-93 93#jan|13                                                                                                                                                                                     
03-JAN-90 90#jan|03                                                                                                                                                                                     
21-MAY-91 91#may|21                                                                                                                                                                                     
07-FEB-99 99#feb|07                                                                                                                                                                                     
16-NOV-99 99#nov|16                                                                                                                                                                                     
17-OCT-95 95#oct|17                                                                                                                                                                                     
29-JAN-97 97#jan|29                                                                                                                                                                                     
15-MAR-98 98#mar|15                                                                                                                                                                                     
09-JUL-98 98#jul|09                                                                                                                                                                                     
29-JAN-00 00#jan|29                                                                                                                                                                                     
11-MAY-96 96#may|11                                                                                                                                                                                     
24-MAR-98 98#mar|24                                                                                                                                                                                     
24-MAY-99 99#may|24                                                                                                                                                                                     
17-SEP-87 87#sep|17                                                                                                                                                                                     
17-FEB-96 96#feb|17                                                                                                                                                                                     
17-AUG-97 97#aug|17                                                                                                                                                                                     
07-JUN-94 94#jun|07                                                                                                                                                                                     
07-JUN-94 94#jun|07                                                                                                                                                                                     

20 rows selected.

SQL> SELECT HIRE_DATE , SUBSTR(HIRE_DATE,-2)||'#'||LOWER(SUBSTR(HIRE_DATE,4,3))||'|'||SUBSTR(HIRE_DATE,1,2) FROM EMPLOYEES;

HIRE_DATE SUBSTR(HIRE_DATE,-2)||'#'||LOW                                                                                                                                                                
--------- ------------------------------                                                                                                                                                                
17-JUL-87 87#jul|17                                                                                                                                                                                     
21-SEP-89 89#sep|21                                                                                                                                                                                     
13-JAN-93 93#jan|13                                                                                                                                                                                     
03-JAN-90 90#jan|03                                                                                                                                                                                     
21-MAY-91 91#may|21                                                                                                                                                                                     
07-FEB-99 99#feb|07                                                                                                                                                                                     
16-NOV-99 99#nov|16                                                                                                                                                                                     
17-OCT-95 95#oct|17                                                                                                                                                                                     
29-JAN-97 97#jan|29                                                                                                                                                                                     
15-MAR-98 98#mar|15                                                                                                                                                                                     
09-JUL-98 98#jul|09                                                                                                                                                                                     
29-JAN-00 00#jan|29                                                                                                                                                                                     
11-MAY-96 96#may|11                                                                                                                                                                                     
24-MAR-98 98#mar|24                                                                                                                                                                                     
24-MAY-99 99#may|24                                                                                                                                                                                     
17-SEP-87 87#sep|17                                                                                                                                                                                     
17-FEB-96 96#feb|17                                                                                                                                                                                     
17-AUG-97 97#aug|17                                                                                                                                                                                     
07-JUN-94 94#jun|07                                                                                                                                                                                     
07-JUN-94 94#jun|07                                                                                                                                                                                     

20 rows selected.

SQL> REM DISPLAY THOSE WHO WERE HIRED IN JAN MONTH
SQL> 
SQL> SELECT  FIRST_NAME , HIRE_DATE FROM EMPLOYEES WHERE SUBSTR(HIRE_DATE,4,3) = 'JAN';

FIRST_NAME      HIRE_DATE                                                                                                                                                                               
--------------- ---------                                                                                                                                                                               
Lex             13-JAN-93                                                                                                                                                                               
Alexander       03-JAN-90                                                                                                                                                                               
Curtis          29-JAN-97                                                                                                                                                                               
Eleni           29-JAN-00                                                                                                                                                                               

SQL> SELECT  FIRST_NAME , HIRE_DATE FROM EMPLOYEES WHERE SUBSTR(HIRE_DATE,4,3) IN 'JAN';

FIRST_NAME      HIRE_DATE                                                                                                                                                                               
--------------- ---------                                                                                                                                                                               
Lex             13-JAN-93                                                                                                                                                                               
Alexander       03-JAN-90                                                                                                                                                                               
Curtis          29-JAN-97                                                                                                                                                                               
Eleni           29-JAN-00                                                                                                                                                                               

SQL> SELECT  FIRST_NAME , HIRE_DATE FROM EMPLOYEES WHERE SUBSTR(HIRE_DATE,4,3) LIKE 'JAN';

FIRST_NAME      HIRE_DATE                                                                                                                                                                               
--------------- ---------                                                                                                                                                                               
Lex             13-JAN-93                                                                                                                                                                               
Alexander       03-JAN-90                                                                                                                                                                               
Curtis          29-JAN-97                                                                                                                                                                               
Eleni           29-JAN-00                                                                                                                                                                               

SQL> SELECT  FIRST_NAME , HIRE_DATE FROM EMPLOYEES WHERE SUBSTR(HIRE_DATE,4,3) = ANY 'JAN';

FIRST_NAME      HIRE_DATE                                                                                                                                                                               
--------------- ---------                                                                                                                                                                               
Lex             13-JAN-93                                                                                                                                                                               
Alexander       03-JAN-90                                                                                                                                                                               
Curtis          29-JAN-97                                                                                                                                                                               
Eleni           29-JAN-00                                                                                                                                                                               

SQL> SELECT  FIRST_NAME , HIRE_DATE FROM EMPLOYEES WHERE SUBSTR(HIRE_DATE,4,3) = SOME 'JAN';

FIRST_NAME      HIRE_DATE                                                                                                                                                                               
--------------- ---------                                                                                                                                                                               
Lex             13-JAN-93                                                                                                                                                                               
Alexander       03-JAN-90                                                                                                                                                                               
Curtis          29-JAN-97                                                                                                                                                                               
Eleni           29-JAN-00                                                                                                                                                                               

SQL> SELECT  FIRST_NAME , HIRE_DATE FROM EMPLOYEES WHERE NOT SUBSTR(HIRE_DATE,4,3) != ALL 'JAN';

FIRST_NAME      HIRE_DATE                                                                                                                                                                               
--------------- ---------                                                                                                                                                                               
Lex             13-JAN-93                                                                                                                                                                               
Alexander       03-JAN-90                                                                                                                                                                               
Curtis          29-JAN-97                                                                                                                                                                               
Eleni           29-JAN-00                                                                                                                                                                               

SQL> REM INSTR : TO FIND POSITION OF CHARACTER/WORD WITHIN WORD/STRING.
SQL> 
SQL> SELECT INSTR('NEELKAMAL','L') FROM DUAL;

INSTR('NEELKAMAL','L')                                                                                                                                                                                  
----------------------                                                                                                                                                                                  
                     4                                                                                                                                                                                  

SQL> SELECT INSTR('NEELKAMAL','L',6) FROM DUAL;

INSTR('NEELKAMAL','L',6)                                                                                                                                                                                
------------------------                                                                                                                                                                                
                       9                                                                                                                                                                                

SQL> SELECT INSTR('NEELKAMAL','L',-1) FROM DUAL;

INSTR('NEELKAMAL','L',-1)                                                                                                                                                                               
-------------------------                                                                                                                                                                               
                        9                                                                                                                                                                               

SQL> SELECT INSTR('NEELKAMAL','L',-2) FROM DUAL;

INSTR('NEELKAMAL','L',-2)                                                                                                                                                                               
-------------------------                                                                                                                                                                               
                        4                                                                                                                                                                               

SQL> SELECT INSTR('NEELKAMAL','X') FROM DUAL;

INSTR('NEELKAMAL','X')                                                                                                                                                                                  
----------------------                                                                                                                                                                                  
                     0                                                                                                                                                                                  

SQL> SELECT INSTR('NEELKAMAL','l') FROM DUAL;

INSTR('NEELKAMAL','L')                                                                                                                                                                                  
----------------------                                                                                                                                                                                  
                     0                                                                                                                                                                                  

SQL> SELECT INSTR('NEELKAMAL','L',3,2) FROM DUAL;

INSTR('NEELKAMAL','L',3,2)                                                                                                                                                                              
--------------------------                                                                                                                                                                              
                         9                                                                                                                                                                              

SQL> SELECT INSTR('NEELKAMAL','L',2,3) FROM DUAL;

INSTR('NEELKAMAL','L',2,3)                                                                                                                                                                              
--------------------------                                                                                                                                                                              
                         0                                                                                                                                                                              

SQL> SEELCT * FROM EMPLOYEES;
SP2-0734: unknown command beginning "SEELCT * F..." - rest of line ignored.
SQL> SELECT * FROM EMPLOYEES;

EMPLOYEE_ID FIRST_NAME      LAST_NAME       EMAIL      PHONE_NUMBER         HIRE_DATE JOB_ID         SALARY COMMISSION_PCT MANAGER_ID DEPARTMENT_ID                                                     
----------- --------------- --------------- ---------- -------------------- --------- ---------- ---------- -------------- ---------- -------------                                                     
        100 Steven          King            SKING      515.123.4567         17-JUL-87 AD_PRES         24000                                      90                                                     
        101 Neena           Kochhar         NKOCHHAR   515.123.4568         21-SEP-89 AD_VP           17000                       100            90                                                     
        102 Lex             De Haan         LDEHAAN    515.123.4569         13-JAN-93 AD_VP           17000                       100            90                                                     
        103 Alexander       Hunold          AHUNOLD    590.423.4567         03-JAN-90 IT_PROG          9000                       102            60                                                     
        104 Bruce           Ernst           BERNST     590.423.4568         21-MAY-91 IT_PROG          6000                       103            60                                                     
        107 Diana           Lorentz         DLORENTZ   590.423.5567         07-FEB-99 IT_PROG          4200                       103            60                                                     
        124 Kevin           Mourgos         KMOURGOS   650.123.5234         16-NOV-99 ST_MAN           5800                       100            50                                                     
        141 Trenna          Rajs            TRAJS      650.121.8009         17-OCT-95 ST_CLERK         3500                       124            50                                                     
        142 Curtis          Davies          CDAVIES    650.121.2994         29-JAN-97 ST_CLERK         3100                       124            50                                                     
        143 Randall         Matos           RMATOS     650.121.2874         15-MAR-98 ST_CLERK         2600                       124            50                                                     
        144 Peter           Vargas                     650.121.2004         09-JUL-98 ST_CLERK         2500                       124            50                                                     
        149 Eleni           Zlotkey         EZLOTKEY   011.44.1344.429018   29-JAN-00 SA_MAN          10500             .2        100            80                                                     
        174 Ellen           Abel            EABEL      011.44.1644.429267   11-MAY-96 SA_REP          11000             .3        149            80                                                     
        176 Jonathon        Taylor          JTAYLOR    011.44.1644.429265   24-MAR-98 SA_REP           8600             .3        149            80                                                     
        178 Kimerely        Grant           KGRANT     011.44.1644.429263   24-MAY-99 SA_REP           7000            .15        149                                                                   
        200 Jennifer        Whalen          JWHALEN    515.123.4444         17-SEP-87 AD_ASST          4400                       101            10                                                     
        201 Michael         Hartstein       MHARTSTE   515.123.5555         17-FEB-96 MK_MAN          13000                       100            20                                                     
        202 Pat             Fay             PFAY       603.123.6666         17-AUG-97 MK_REP           6000                       201            20                                                     
        205 Shelley         Higgins         SHIGGINS   515.123.8080         07-JUN-94 AC_MGR          12000                       101           110                                                     
        206 William         Gietz           WGIETZ     515.123.8181         07-JUN-94 AC_ACCOUNT       8300                       205           110                                                     

20 rows selected.

SQL> REM 1 DISPLAY THOSE FIRST_NAME WHICH CONTAINS a
SQL> 
SQL> REM 2 DISPLAY THOSE LAST_NAME WHICH CONTAINS e ON SECOND LAST POSITION
SQL> 
SQL> 
SQL> 
SQL> REM 1 DISPLAY THOSE FIRST_NAME WHICH CONTAINS a
SQL> 
SQL> SELECT FIRST_NAME FROM EMPLOYEES WHERE FIRST_NAME LIKE '%a%';

FIRST_NAME                                                                                                                                                                                              
---------------                                                                                                                                                                                         
Neena                                                                                                                                                                                                   
Alexander                                                                                                                                                                                               
Diana                                                                                                                                                                                                   
Trenna                                                                                                                                                                                                  
Randall                                                                                                                                                                                                 
Jonathon                                                                                                                                                                                                
Michael                                                                                                                                                                                                 
Pat                                                                                                                                                                                                     
William                                                                                                                                                                                                 

9 rows selected.

SQL> SELECT FIRST_NAME FROM EMPLOYEES WHERE INSTR(FIRST_NAME,'a') > 0;

FIRST_NAME                                                                                                                                                                                              
---------------                                                                                                                                                                                         
Neena                                                                                                                                                                                                   
Alexander                                                                                                                                                                                               
Diana                                                                                                                                                                                                   
Trenna                                                                                                                                                                                                  
Randall                                                                                                                                                                                                 
Jonathon                                                                                                                                                                                                
Michael                                                                                                                                                                                                 
Pat                                                                                                                                                                                                     
William                                                                                                                                                                                                 

9 rows selected.

SQL> REM 2 DISPLAY THOSE LAST_NAME WHICH CONTAINS e ON SECOND LAST POSITION
SQL> 
SQL> SELECT LAST_NAME FROM EMPLOYEES WHERE LAST_NAME LIKE '%e_';

LAST_NAME                                                                                                                                                                                               
---------------                                                                                                                                                                                         
Davies                                                                                                                                                                                                  
Zlotkey                                                                                                                                                                                                 
Abel                                                                                                                                                                                                    
Whalen                                                                                                                                                                                                  

SQL> SELECT LAST_NAME FROM EMPLOYEES WHERE INSTR(LAST_NAME,'e') = LENGTH(LAST_NAME)-2;

LAST_NAME                                                                                                                                                                                               
---------------                                                                                                                                                                                         
Hartstein                                                                                                                                                                                               
Gietz                                                                                                                                                                                                   

SQL> SELECT LAST_NAME FROM EMPLOYEES WHERE INSTR(LAST_NAME,'e') = LENGTH(LAST_NAME)-1;

LAST_NAME                                                                                                                                                                                               
---------------                                                                                                                                                                                         
Davies                                                                                                                                                                                                  
Zlotkey                                                                                                                                                                                                 
Abel                                                                                                                                                                                                    
Whalen                                                                                                                                                                                                  

SQL> REM 14 FUNCTIONS :
SQL> 
SQL> REM UPPER LOWER INITCAP CONCAT LPAD RPAD LTRIM RTRIM TRIM LENGTH TRANSLATE REPLACE SUBSTR INSTR
SQL> 
SQL> REM TRANSLATE : TO REPLACE/REMOVE CHARACTER BY CHARACTER
SQL> 
SQL> SELECT HIRE_DATE , TRANSLATE(HIRE_DATE,'ABC','ab') FROM EMPLOYEES;

HIRE_DATE TRANSLATE(HIRE_DATE,'ABC','AB')                                                                                                                                                               
--------- ------------------------------------------------------------------------                                                                                                                      
17-JUL-87 17-JUL-87                                                                                                                                                                                     
21-SEP-89 21-SEP-89                                                                                                                                                                                     
13-JAN-93 13-JaN-93                                                                                                                                                                                     
03-JAN-90 03-JaN-90                                                                                                                                                                                     
21-MAY-91 21-MaY-91                                                                                                                                                                                     
07-FEB-99 07-FEb-99                                                                                                                                                                                     
16-NOV-99 16-NOV-99                                                                                                                                                                                     
17-OCT-95 17-OT-95                                                                                                                                                                                      
29-JAN-97 29-JaN-97                                                                                                                                                                                     
15-MAR-98 15-MaR-98                                                                                                                                                                                     
09-JUL-98 09-JUL-98                                                                                                                                                                                     
29-JAN-00 29-JaN-00                                                                                                                                                                                     
11-MAY-96 11-MaY-96                                                                                                                                                                                     
24-MAR-98 24-MaR-98                                                                                                                                                                                     
24-MAY-99 24-MaY-99                                                                                                                                                                                     
17-SEP-87 17-SEP-87                                                                                                                                                                                     
17-FEB-96 17-FEb-96                                                                                                                                                                                     
17-AUG-97 17-aUG-97                                                                                                                                                                                     
07-JUN-94 07-JUN-94                                                                                                                                                                                     
07-JUN-94 07-JUN-94                                                                                                                                                                                     

20 rows selected.

SQL> SELECT TRIM('0' FROM HIRE_DATE) FROM DUAL;
SELECT TRIM('0' FROM HIRE_DATE) FROM DUAL
                     *
ERROR at line 1:
ORA-00904: "HIRE_DATE": invalid identifier 


SQL> SELECT HIRE_DATE , TRIM('0' FROM HIRE_DATE) FROM EMPLOYEES;

HIRE_DATE TRIM('0'FROMHIRE_D                                                                                                                                                                            
--------- ------------------                                                                                                                                                                            
17-JUL-87 17-JUL-87                                                                                                                                                                                     
21-SEP-89 21-SEP-89                                                                                                                                                                                     
13-JAN-93 13-JAN-93                                                                                                                                                                                     
03-JAN-90 3-JAN-9                                                                                                                                                                                       
21-MAY-91 21-MAY-91                                                                                                                                                                                     
07-FEB-99 7-FEB-99                                                                                                                                                                                      
16-NOV-99 16-NOV-99                                                                                                                                                                                     
17-OCT-95 17-OCT-95                                                                                                                                                                                     
29-JAN-97 29-JAN-97                                                                                                                                                                                     
15-MAR-98 15-MAR-98                                                                                                                                                                                     
09-JUL-98 9-JUL-98                                                                                                                                                                                      
29-JAN-00 29-JAN-                                                                                                                                                                                       
11-MAY-96 11-MAY-96                                                                                                                                                                                     
24-MAR-98 24-MAR-98                                                                                                                                                                                     
24-MAY-99 24-MAY-99                                                                                                                                                                                     
17-SEP-87 17-SEP-87                                                                                                                                                                                     
17-FEB-96 17-FEB-96                                                                                                                                                                                     
17-AUG-97 17-AUG-97                                                                                                                                                                                     
07-JUN-94 7-JUN-94                                                                                                                                                                                      
07-JUN-94 7-JUN-94                                                                                                                                                                                      

20 rows selected.

SQL> SELECT HIRE_DATE , TRIM(LEADING '0' FROM HIRE_DATE) FROM EMPLOYEES;

HIRE_DATE TRIM(LEADING'0'FRO                                                                                                                                                                            
--------- ------------------                                                                                                                                                                            
17-JUL-87 17-JUL-87                                                                                                                                                                                     
21-SEP-89 21-SEP-89                                                                                                                                                                                     
13-JAN-93 13-JAN-93                                                                                                                                                                                     
03-JAN-90 3-JAN-90                                                                                                                                                                                      
21-MAY-91 21-MAY-91                                                                                                                                                                                     
07-FEB-99 7-FEB-99                                                                                                                                                                                      
16-NOV-99 16-NOV-99                                                                                                                                                                                     
17-OCT-95 17-OCT-95                                                                                                                                                                                     
29-JAN-97 29-JAN-97                                                                                                                                                                                     
15-MAR-98 15-MAR-98                                                                                                                                                                                     
09-JUL-98 9-JUL-98                                                                                                                                                                                      
29-JAN-00 29-JAN-00                                                                                                                                                                                     
11-MAY-96 11-MAY-96                                                                                                                                                                                     
24-MAR-98 24-MAR-98                                                                                                                                                                                     
24-MAY-99 24-MAY-99                                                                                                                                                                                     
17-SEP-87 17-SEP-87                                                                                                                                                                                     
17-FEB-96 17-FEB-96                                                                                                                                                                                     
17-AUG-97 17-AUG-97                                                                                                                                                                                     
07-JUN-94 7-JUN-94                                                                                                                                                                                      
07-JUN-94 7-JUN-94                                                                                                                                                                                      

20 rows selected.

SQL> SELECT HIRE_DATE , TRIM(TRAILING '0' FROM HIRE_DATE) FROM EMPLOYEES;

HIRE_DATE TRIM(TRAILING'0'FR                                                                                                                                                                            
--------- ------------------                                                                                                                                                                            
17-JUL-87 17-JUL-87                                                                                                                                                                                     
21-SEP-89 21-SEP-89                                                                                                                                                                                     
13-JAN-93 13-JAN-93                                                                                                                                                                                     
03-JAN-90 03-JAN-9                                                                                                                                                                                      
21-MAY-91 21-MAY-91                                                                                                                                                                                     
07-FEB-99 07-FEB-99                                                                                                                                                                                     
16-NOV-99 16-NOV-99                                                                                                                                                                                     
17-OCT-95 17-OCT-95                                                                                                                                                                                     
29-JAN-97 29-JAN-97                                                                                                                                                                                     
15-MAR-98 15-MAR-98                                                                                                                                                                                     
09-JUL-98 09-JUL-98                                                                                                                                                                                     
29-JAN-00 29-JAN-                                                                                                                                                                                       
11-MAY-96 11-MAY-96                                                                                                                                                                                     
24-MAR-98 24-MAR-98                                                                                                                                                                                     
24-MAY-99 24-MAY-99                                                                                                                                                                                     
17-SEP-87 17-SEP-87                                                                                                                                                                                     
17-FEB-96 17-FEB-96                                                                                                                                                                                     
17-AUG-97 17-AUG-97                                                                                                                                                                                     
07-JUN-94 07-JUN-94                                                                                                                                                                                     
07-JUN-94 07-JUN-94                                                                                                                                                                                     

20 rows selected.

SQL> SELECT HIRE_DATE , TRIM(BOTH '0' FROM HIRE_DATE) FROM EMPLOYEES;

HIRE_DATE TRIM(BOTH'0'FROMHI                                                                                                                                                                            
--------- ------------------                                                                                                                                                                            
17-JUL-87 17-JUL-87                                                                                                                                                                                     
21-SEP-89 21-SEP-89                                                                                                                                                                                     
13-JAN-93 13-JAN-93                                                                                                                                                                                     
03-JAN-90 3-JAN-9                                                                                                                                                                                       
21-MAY-91 21-MAY-91                                                                                                                                                                                     
07-FEB-99 7-FEB-99                                                                                                                                                                                      
16-NOV-99 16-NOV-99                                                                                                                                                                                     
17-OCT-95 17-OCT-95                                                                                                                                                                                     
29-JAN-97 29-JAN-97                                                                                                                                                                                     
15-MAR-98 15-MAR-98                                                                                                                                                                                     
09-JUL-98 9-JUL-98                                                                                                                                                                                      
29-JAN-00 29-JAN-                                                                                                                                                                                       
11-MAY-96 11-MAY-96                                                                                                                                                                                     
24-MAR-98 24-MAR-98                                                                                                                                                                                     
24-MAY-99 24-MAY-99                                                                                                                                                                                     
17-SEP-87 17-SEP-87                                                                                                                                                                                     
17-FEB-96 17-FEB-96                                                                                                                                                                                     
17-AUG-97 17-AUG-97                                                                                                                                                                                     
07-JUN-94 7-JUN-94                                                                                                                                                                                      
07-JUN-94 7-JUN-94                                                                                                                                                                                      

20 rows selected.

SQL> SELECT HIRE_DATE , TRIM('0' FROM HIRE_DATE) FROM EMPLOYEES;

HIRE_DATE TRIM('0'FROMHIRE_D                                                                                                                                                                            
--------- ------------------                                                                                                                                                                            
17-JUL-87 17-JUL-87                                                                                                                                                                                     
21-SEP-89 21-SEP-89                                                                                                                                                                                     
13-JAN-93 13-JAN-93                                                                                                                                                                                     
03-JAN-90 3-JAN-9                                                                                                                                                                                       
21-MAY-91 21-MAY-91                                                                                                                                                                                     
07-FEB-99 7-FEB-99                                                                                                                                                                                      
16-NOV-99 16-NOV-99                                                                                                                                                                                     
17-OCT-95 17-OCT-95                                                                                                                                                                                     
29-JAN-97 29-JAN-97                                                                                                                                                                                     
15-MAR-98 15-MAR-98                                                                                                                                                                                     
09-JUL-98 9-JUL-98                                                                                                                                                                                      
29-JAN-00 29-JAN-                                                                                                                                                                                       
11-MAY-96 11-MAY-96                                                                                                                                                                                     
24-MAR-98 24-MAR-98                                                                                                                                                                                     
24-MAY-99 24-MAY-99                                                                                                                                                                                     
17-SEP-87 17-SEP-87                                                                                                                                                                                     
17-FEB-96 17-FEB-96                                                                                                                                                                                     
17-AUG-97 17-AUG-97                                                                                                                                                                                     
07-JUN-94 7-JUN-94                                                                                                                                                                                      
07-JUN-94 7-JUN-94                                                                                                                                                                                      

20 rows selected.

SQL> SELECT HIRE_DATE , TRIM('03' FROM HIRE_DATE) FROM EMPLOYEES;
SELECT HIRE_DATE , TRIM('03' FROM HIRE_DATE) FROM EMPLOYEES
                   *
ERROR at line 1:
ORA-30001: trim set should have only one character 


SQL> REM CHAPTER 1 TO 3 :
SQL> 
SQL> 
SQL> SELECT DEPARTMENT_ID , MANAGER_ID , FIRST_NAME FROM EMPLOYEES ORDER BY 1,2;

DEPARTMENT_ID MANAGER_ID FIRST_NAME                                                                                                                                                                     
------------- ---------- ---------------                                                                                                                                                                
           10        101 Jennifer                                                                                                                                                                       
           20        100 Michael                                                                                                                                                                        
           20        201 Pat                                                                                                                                                                            
           50        100 Kevin                                                                                                                                                                          
           50        124 Curtis                                                                                                                                                                         
           50        124 Peter                                                                                                                                                                          
           50        124 Randall                                                                                                                                                                        
           50        124 Trenna                                                                                                                                                                         
           60        102 Alexander                                                                                                                                                                      
           60        103 Diana                                                                                                                                                                          
           60        103 Bruce                                                                                                                                                                          
           80        100 Eleni                                                                                                                                                                          
           80        149 Ellen                                                                                                                                                                          
           80        149 Jonathon                                                                                                                                                                       
           90        100 Lex                                                                                                                                                                            
           90        100 Neena                                                                                                                                                                          
           90            Steven                                                                                                                                                                         
          110        101 Shelley                                                                                                                                                                        
          110        205 William                                                                                                                                                                        
                     149 Kimerely                                                                                                                                                                       

20 rows selected.

SQL> SELECT DEPARTMENT_ID , MANAGER_ID , FIRST_NAME FROM EMPLOYEES ORDER BY 1,2 OFFSET 4 ROWS FETCH NEXT 8 ROWS WITH TIES;

DEPARTMENT_ID MANAGER_ID FIRST_NAME                                                                                                                                                                     
------------- ---------- ---------------                                                                                                                                                                
           50        124 Trenna                                                                                                                                                                         
           50        124 Peter                                                                                                                                                                          
           50        124 Randall                                                                                                                                                                        
           50        124 Curtis                                                                                                                                                                         
           60        102 Alexander                                                                                                                                                                      
           60        103 Bruce                                                                                                                                                                          
           60        103 Diana                                                                                                                                                                          
           80        100 Eleni                                                                                                                                                                          

8 rows selected.

SQL> SPOOL OFF
