SQL> 
SQL> REM TYPES OF FUNCTIONS : 1 SINGLE ROW 2 MULTI ROW
SQL> 
SQL> REM TYPES OF SINGLE ROW FUNCTIONS : 1 CHARACTER 2 NUMBER 3 DATE 4 CONVERSION 5 GENERAL
SQL> 
SQL> REM MULTI ROW FUNCTIONS : MIN MAX COUNT    SUM AVG
SQL> 
SQL> REM MIN : IT WILL RETURN MINIMUM/LOWEST VALUE FROM THE LIST OF INPUT
SQL> 
SQL> REM MAX : IT WILL RETURN MAXIMUM/HIGHEST VALUE FROM THE LIST OF INPUT
SQL> 
SQL> REM COUNT : IT WILL RETURN COUNT OF ROWS
SQL> 
SQL> REM SUM : IT WILL RETURN TOTAL/SUM OF INPUTS
SQL> 
SQL> REM AVG : IT WILL RETURN AVERAGE OF INPUTS
SQL> 
SQL> 
SQL> 
SQL> 
SQL> REM SUM AND AVG : SUPPORTS ONLY NUMBER TYPE INPUTS
SQL> 
SQL> REM MIN , MAX , COUNT : SUPPORTS MAINLY 3 TYPES OF INPUT : CHARACTER NUMBER DATE
SQL> 
SQL> 
SQL> SET LINES 200 PAGES 24 SERVEROUT ON FORMAT WRA
SQL> 
SQL> SELECT SALARY FROM EMPLOYEES;

    SALARY                                                                                                                                                                                              
----------                                                                                                                                                                                              
     24000                                                                                                                                                                                              
     17000                                                                                                                                                                                              
     17000                                                                                                                                                                                              
      9000                                                                                                                                                                                              
      6000                                                                                                                                                                                              
      4200                                                                                                                                                                                              
      5800                                                                                                                                                                                              
      3500                                                                                                                                                                                              
      3100                                                                                                                                                                                              
      2600                                                                                                                                                                                              
      2500                                                                                                                                                                                              
     10500                                                                                                                                                                                              
     11000                                                                                                                                                                                              
      8600                                                                                                                                                                                              
      7000                                                                                                                                                                                              
      4400                                                                                                                                                                                              
     13000                                                                                                                                                                                              
      6000                                                                                                                                                                                              
     12000                                                                                                                                                                                              
      8300                                                                                                                                                                                              

20 rows selected.

SQL> SELECT SALARY FROM EMPLOYEES ORDER BY 1;

    SALARY                                                                                                                                                                                              
----------                                                                                                                                                                                              
      2500                                                                                                                                                                                              
      2600                                                                                                                                                                                              
      3100                                                                                                                                                                                              
      3500                                                                                                                                                                                              
      4200                                                                                                                                                                                              
      4400                                                                                                                                                                                              
      5800                                                                                                                                                                                              
      6000                                                                                                                                                                                              
      6000                                                                                                                                                                                              
      7000                                                                                                                                                                                              
      8300                                                                                                                                                                                              
      8600                                                                                                                                                                                              
      9000                                                                                                                                                                                              
     10500                                                                                                                                                                                              
     11000                                                                                                                                                                                              
     12000                                                                                                                                                                                              
     13000                                                                                                                                                                                              
     17000                                                                                                                                                                                              
     17000                                                                                                                                                                                              
     24000                                                                                                                                                                                              

20 rows selected.

SQL> SELECT MIN(SALARY) , MAX(SALARY) FROM EMPLOYEES;

MIN(SALARY) MAX(SALARY)                                                                                                                                                                                 
----------- -----------                                                                                                                                                                                 
       2500       24000                                                                                                                                                                                 

SQL> REM ALL SUMMARY FUNCTIONS, IGNORE NULL VALUES, EXCEPT COUNT(*)
SQL> 
SQL> SELECT COMMISSION_PCT FROM EMPLOYEES;

COMMISSION_PCT                                                                                                                                                                                          
--------------                                                                                                                                                                                          
                                                                                                                                                                                                        
                                                                                                                                                                                                        
                                                                                                                                                                                                        
                                                                                                                                                                                                        
                                                                                                                                                                                                        
                                                                                                                                                                                                        
                                                                                                                                                                                                        
                                                                                                                                                                                                        
                                                                                                                                                                                                        
                                                                                                                                                                                                        
                                                                                                                                                                                                        
            .2                                                                                                                                                                                          
            .3                                                                                                                                                                                          
            .3                                                                                                                                                                                          
           .15                                                                                                                                                                                          
                                                                                                                                                                                                        
                                                                                                                                                                                                        
                                                                                                                                                                                                        
                                                                                                                                                                                                        
                                                                                                                                                                                                        

20 rows selected.

SQL> SELECT COUNT(COMMISSION_PCT) FROM EMPLOYEES;

COUNT(COMMISSION_PCT)                                                                                                                                                                                   
---------------------                                                                                                                                                                                   
                    4                                                                                                                                                                                   

SQL> SELECT COUNT(COMMISSION_PCT) , COUNT(*) FROM EMPLOYEES;

COUNT(COMMISSION_PCT)   COUNT(*)                                                                                                                                                                        
--------------------- ----------                                                                                                                                                                        
                    4         20                                                                                                                                                                        

SQL> SELECT COUNT(COMMISSION_PCT) , COUNT(1) FROM EMPLOYEES;

COUNT(COMMISSION_PCT)   COUNT(1)                                                                                                                                                                        
--------------------- ----------                                                                                                                                                                        
                    4         20                                                                                                                                                                        

SQL> SELECT COUNT(COMMISSION_PCT) , COUNT('HI') FROM EMPLOYEES;

COUNT(COMMISSION_PCT) COUNT('HI')                                                                                                                                                                       
--------------------- -----------                                                                                                                                                                       
                    4          20                                                                                                                                                                       

SQL> 
SQL> SELECT MANAGER_ID FROM EMPLOYEES;

MANAGER_ID                                                                                                                                                                                              
----------                                                                                                                                                                                              
                                                                                                                                                                                                        
       100                                                                                                                                                                                              
       100                                                                                                                                                                                              
       102                                                                                                                                                                                              
       103                                                                                                                                                                                              
       103                                                                                                                                                                                              
       100                                                                                                                                                                                              
       124                                                                                                                                                                                              
       124                                                                                                                                                                                              
       124                                                                                                                                                                                              
       124                                                                                                                                                                                              
       100                                                                                                                                                                                              
       149                                                                                                                                                                                              
       149                                                                                                                                                                                              
       149                                                                                                                                                                                              
       101                                                                                                                                                                                              
       100                                                                                                                                                                                              
       201                                                                                                                                                                                              
       101                                                                                                                                                                                              
       205                                                                                                                                                                                              

20 rows selected.

SQL> SELECT COUNT(MANAGER_ID) , COUNT(*) , COUNT(DISTINCT MANAGER_ID) FROM EMPLOYEES;

COUNT(MANAGER_ID)   COUNT(*) COUNT(DISTINCTMANAGER_ID)                                                                                                                                                  
----------------- ---------- -------------------------                                                                                                                                                  
               19         20                         8                                                                                                                                                  

SQL> SELECT SALARY FROM EMPLOYEES ORDER BY 1;

    SALARY                                                                                                                                                                                              
----------                                                                                                                                                                                              
      2500                                                                                                                                                                                              
      2600                                                                                                                                                                                              
      3100                                                                                                                                                                                              
      3500                                                                                                                                                                                              
      4200                                                                                                                                                                                              
      4400                                                                                                                                                                                              
      5800                                                                                                                                                                                              
      6000                                                                                                                                                                                              
      6000                                                                                                                                                                                              
      7000                                                                                                                                                                                              
      8300                                                                                                                                                                                              
      8600                                                                                                                                                                                              
      9000                                                                                                                                                                                              
     10500                                                                                                                                                                                              
     11000                                                                                                                                                                                              
     12000                                                                                                                                                                                              
     13000                                                                                                                                                                                              
     17000                                                                                                                                                                                              
     17000                                                                                                                                                                                              
     24000                                                                                                                                                                                              

20 rows selected.

SQL> SELECT SUM(SALARY) FROM EMPLOYEES;

SUM(SALARY)                                                                                                                                                                                             
-----------                                                                                                                                                                                             
     175500                                                                                                                                                                                             

SQL> SELECT AVG(SALARY) FROM EMPLOYEES;

AVG(SALARY)                                                                                                                                                                                             
-----------                                                                                                                                                                                             
       8775                                                                                                                                                                                             

SQL> SELECT SUM(SALARY) / COUNT(SALARY) , AVG(SALARY) FROM EMPLOYEES;

SUM(SALARY)/COUNT(SALARY) AVG(SALARY)                                                                                                                                                                   
------------------------- -----------                                                                                                                                                                   
                     8775        8775                                                                                                                                                                   

SQL> SELECT COMMISSION_PCT FROM EMPLOYEES;

COMMISSION_PCT                                                                                                                                                                                          
--------------                                                                                                                                                                                          
                                                                                                                                                                                                        
                                                                                                                                                                                                        
                                                                                                                                                                                                        
                                                                                                                                                                                                        
                                                                                                                                                                                                        
                                                                                                                                                                                                        
                                                                                                                                                                                                        
                                                                                                                                                                                                        
                                                                                                                                                                                                        
                                                                                                                                                                                                        
                                                                                                                                                                                                        
            .2                                                                                                                                                                                          
            .3                                                                                                                                                                                          
            .3                                                                                                                                                                                          
           .15                                                                                                                                                                                          
                                                                                                                                                                                                        
                                                                                                                                                                                                        
                                                                                                                                                                                                        
                                                                                                                                                                                                        
                                                                                                                                                                                                        

20 rows selected.

SQL> SELECT SUM(COMMISION_PCT) / COUNT(COMMISSION_PCT) , AVG(COMMISSION_PCT) FROM EMPLOYEES;
SELECT SUM(COMMISION_PCT) / COUNT(COMMISSION_PCT) , AVG(COMMISSION_PCT) FROM EMPLOYEES
           *
ERROR at line 1:
ORA-00904: "COMMISION_PCT": invalid identifier 


SQL> SELECT SUM(COMMISSION_PCT) / COUNT(COMMISSION_PCT) , AVG(COMMISSION_PCT) FROM EMPLOYEES;

SUM(COMMISSION_PCT)/COUNT(COMMISSION_PCT) AVG(COMMISSION_PCT)                                                                                                                                           
----------------------------------------- -------------------                                                                                                                                           
                                    .2375               .2375                                                                                                                                           

SQL> SELECT SUM(COMMISSION_PCT) / COUNT(*) , AVG(COMMISSION_PCT) FROM EMPLOYEES;

SUM(COMMISSION_PCT)/COUNT(*) AVG(COMMISSION_PCT)                                                                                                                                                        
---------------------------- -------------------                                                                                                                                                        
                       .0475               .2375                                                                                                                                                        

SQL> 
SQL> 
SQL> SELECT FIRST_NAME FROM EMPLOYEES;

FIRST_NAME                                                                                                                                                                                              
---------------                                                                                                                                                                                         
Steven                                                                                                                                                                                                  
Neena                                                                                                                                                                                                   
Lex                                                                                                                                                                                                     
Alexander                                                                                                                                                                                               
Bruce                                                                                                                                                                                                   
Diana                                                                                                                                                                                                   
Kevin                                                                                                                                                                                                   
Trenna                                                                                                                                                                                                  
Curtis                                                                                                                                                                                                  
Randall                                                                                                                                                                                                 
Peter                                                                                                                                                                                                   
Eleni                                                                                                                                                                                                   
Ellen                                                                                                                                                                                                   
Jonathon                                                                                                                                                                                                
Kimerely                                                                                                                                                                                                
Jennifer                                                                                                                                                                                                
Michael                                                                                                                                                                                                 
Pat                                                                                                                                                                                                     
Shelley                                                                                                                                                                                                 
William                                                                                                                                                                                                 

20 rows selected.

SQL> SELECT FIRST_NAME FROM EMPLOYEES ORDER BY 1;

FIRST_NAME                                                                                                                                                                                              
---------------                                                                                                                                                                                         
Alexander                                                                                                                                                                                               
Bruce                                                                                                                                                                                                   
Curtis                                                                                                                                                                                                  
Diana                                                                                                                                                                                                   
Eleni                                                                                                                                                                                                   
Ellen                                                                                                                                                                                                   
Jennifer                                                                                                                                                                                                
Jonathon                                                                                                                                                                                                
Kevin                                                                                                                                                                                                   
Kimerely                                                                                                                                                                                                
Lex                                                                                                                                                                                                     
Michael                                                                                                                                                                                                 
Neena                                                                                                                                                                                                   
Pat                                                                                                                                                                                                     
Peter                                                                                                                                                                                                   
Randall                                                                                                                                                                                                 
Shelley                                                                                                                                                                                                 
Steven                                                                                                                                                                                                  
Trenna                                                                                                                                                                                                  
William                                                                                                                                                                                                 

20 rows selected.

SQL> SELECT MIN(FIRST_NAME) , MAX(FIRST_NAME) FROM EMPLOYEES ORDER BY 1;

MIN(FIRST_NAME) MAX(FIRST_NAME)                                                                                                                                                                         
--------------- ---------------                                                                                                                                                                         
Alexander       William                                                                                                                                                                                 

SQL> SELECT COUNT(FIRST_NAME) , COUNT( DISTINCT FIRST_NAME) , COUNT(*) FROM EMPLOYEES;

COUNT(FIRST_NAME) COUNT(DISTINCTFIRST_NAME)   COUNT(*)                                                                                                                                                  
----------------- ------------------------- ----------                                                                                                                                                  
               20                        20         20                                                                                                                                                  

SQL> SELECT SUM(FIRST_NAME) FROM EMPLOYEES;
SELECT SUM(FIRST_NAME) FROM EMPLOYEES
           *
ERROR at line 1:
ORA-01722: invalid number 


SQL> SELECT AVG(FIRST_NAME) FROM EMPLOYEES;
SELECT AVG(FIRST_NAME) FROM EMPLOYEES
           *
ERROR at line 1:
ORA-01722: invalid number 


SQL> SELECT HIRE_DATE FROM EMPLOYEES;

HIRE_DATE                                                                                                                                                                                               
---------                                                                                                                                                                                               
17-JUL-87                                                                                                                                                                                               
21-SEP-89                                                                                                                                                                                               
13-JAN-93                                                                                                                                                                                               
03-JAN-90                                                                                                                                                                                               
21-MAY-91                                                                                                                                                                                               
07-FEB-99                                                                                                                                                                                               
16-NOV-99                                                                                                                                                                                               
17-OCT-95                                                                                                                                                                                               
29-JAN-97                                                                                                                                                                                               
15-MAR-98                                                                                                                                                                                               
09-JUL-98                                                                                                                                                                                               
29-JAN-00                                                                                                                                                                                               
11-MAY-96                                                                                                                                                                                               
24-MAR-98                                                                                                                                                                                               
24-MAY-99                                                                                                                                                                                               
17-SEP-87                                                                                                                                                                                               
17-FEB-96                                                                                                                                                                                               
17-AUG-97                                                                                                                                                                                               
07-JUN-94                                                                                                                                                                                               
07-JUN-94                                                                                                                                                                                               

20 rows selected.

SQL> SELECT HIRE_DATE FROM EMPLOYEES ORDER BY 1;

HIRE_DATE                                                                                                                                                                                               
---------                                                                                                                                                                                               
17-JUL-87                                                                                                                                                                                               
17-SEP-87                                                                                                                                                                                               
21-SEP-89                                                                                                                                                                                               
03-JAN-90                                                                                                                                                                                               
21-MAY-91                                                                                                                                                                                               
13-JAN-93                                                                                                                                                                                               
07-JUN-94                                                                                                                                                                                               
07-JUN-94                                                                                                                                                                                               
17-OCT-95                                                                                                                                                                                               
17-FEB-96                                                                                                                                                                                               
11-MAY-96                                                                                                                                                                                               
29-JAN-97                                                                                                                                                                                               
17-AUG-97                                                                                                                                                                                               
15-MAR-98                                                                                                                                                                                               
24-MAR-98                                                                                                                                                                                               
09-JUL-98                                                                                                                                                                                               
07-FEB-99                                                                                                                                                                                               
24-MAY-99                                                                                                                                                                                               
16-NOV-99                                                                                                                                                                                               
29-JAN-00                                                                                                                                                                                               

20 rows selected.

SQL> SELECT MIN(HIRE_DATE) , MAX(HIRE_DATE) FROM EMPLOYEES ORDER BY 1;

MIN(HIRE_ MAX(HIRE_                                                                                                                                                                                     
--------- ---------                                                                                                                                                                                     
17-JUL-87 29-JAN-00                                                                                                                                                                                     

SQL> SELECT COUNT(HIRE_DATE) , COUNT(DISTINCT HIRE_DATE) , COUNT(*) FROM EMPLOYEES;

COUNT(HIRE_DATE) COUNT(DISTINCTHIRE_DATE)   COUNT(*)                                                                                                                                                    
---------------- ------------------------ ----------                                                                                                                                                    
              20                       19         20                                                                                                                                                    

SQL> SELECT * FROM EMPLOYEES;

EMPLOYEE_ID FIRST_NAME      LAST_NAME       EMAIL      PHONE_NUMBER         HIRE_DATE JOB_ID         SALARY COMMISSION_PCT MANAGER_ID DEPARTMENT_ID                                                     
----------- --------------- --------------- ---------- -------------------- --------- ---------- ---------- -------------- ---------- -------------                                                     
        100 Steven          King            SKING      515.123.4567         17-JUL-87 AD_PRES         24000                                      90                                                     
        101 Neena           Kochhar         NKOCHHAR   515.123.4568         21-SEP-89 AD_VP           17000                       100            90                                                     
        102 Lex             De Haan         LDEHAAN    515.123.4569         13-JAN-93 AD_VP           17000                       100            90                                                     
        103 Alexander       Hunold          AHUNOLD    590.423.4567         03-JAN-90 IT_PROG          9000                       102            60                                                     
        104 Bruce           Ernst           BERNST     590.423.4568         21-MAY-91 IT_PROG          6000                       103            60                                                     
        107 Diana           Lorentz         DLORENTZ   590.423.5567         07-FEB-99 IT_PROG          4200                       103            60                                                     
        124 Kevin           Mourgos         KMOURGOS   650.123.5234         16-NOV-99 ST_MAN           5800                       100            50                                                     
        141 Trenna          Rajs            TRAJS      650.121.8009         17-OCT-95 ST_CLERK         3500                       124            50                                                     
        142 Curtis          Davies          CDAVIES    650.121.2994         29-JAN-97 ST_CLERK         3100                       124            50                                                     
        143 Randall         Matos           RMATOS     650.121.2874         15-MAR-98 ST_CLERK         2600                       124            50                                                     
        144 Peter           Vargas                     650.121.2004         09-JUL-98 ST_CLERK         2500                       124            50                                                     
        149 Eleni           Zlotkey         EZLOTKEY   011.44.1344.429018   29-JAN-00 SA_MAN          10500             .2        100            80                                                     
        174 Ellen           Abel            EABEL      011.44.1644.429267   11-MAY-96 SA_REP          11000             .3        149            80                                                     
        176 Jonathon        Taylor          JTAYLOR    011.44.1644.429265   24-MAR-98 SA_REP           8600             .3        149            80                                                     
        178 Kimerely        Grant           KGRANT     011.44.1644.429263   24-MAY-99 SA_REP           7000            .15        149                                                                   
        200 Jennifer        Whalen          JWHALEN    515.123.4444         17-SEP-87 AD_ASST          4400                       101            10                                                     
        201 Michael         Hartstein       MHARTSTE   515.123.5555         17-FEB-96 MK_MAN          13000                       100            20                                                     
        202 Pat             Fay             PFAY       603.123.6666         17-AUG-97 MK_REP           6000                       201            20                                                     
        205 Shelley         Higgins         SHIGGINS   515.123.8080         07-JUN-94 AC_MGR          12000                       101           110                                                     
        206 William         Gietz           WGIETZ     515.123.8181         07-JUN-94 AC_ACCOUNT       8300                       205           110                                                     

20 rows selected.

SQL> SELECT SUM(HIRE_DATE) FROM EMPLOYEES;
SELECT SUM(HIRE_DATE) FROM EMPLOYEES
           *
ERROR at line 1:
ORA-00932: inconsistent datatypes: expected NUMBER got DATE 


SQL> SELECT AVG(HIRE_DATE) FROM EMPLOYEES;
SELECT AVG(HIRE_DATE) FROM EMPLOYEES
           *
ERROR at line 1:
ORA-00932: inconsistent datatypes: expected NUMBER got DATE 


SQL> REM 1 DISPLAY HIGHEST SALARY PAID BY COMAPNY.
SQL> 
SQL> REM 2 DISPLAY HIRE_dATE ON WHICH FIRST EMPLOYEE WAS HIRED
SQL> 
SQL> REM 3 DISPLAY LOWEST COMMISSION_PCT PAID BY COMPANY
SQL> 
SQL> REM 4 DISPLAY TOTAL COMMISSION   A M O U N T  PAID BY COMPANY
SQL> 
SQL> REM 5 DISPLAY COUNT OF NON-DUPLICATE JOB_ID
SQL> 
SQL> 
SQL> 
SQL> REM 1 DISPLAY HIGHEST SALARY PAID BY COMAPNY.
SQL> 
SQL> SELECT MAX(SALARY) FROM EMPLOYEES;

MAX(SALARY)                                                                                                                                                                                             
-----------                                                                                                                                                                                             
      24000                                                                                                                                                                                             

SQL> REM 2 DISPLAY HIRE_dATE ON WHICH FIRST EMPLOYEE WAS HIRED
SQL> 
SQL> SELECT MIN(HIRE_DATE) FROM EMPLOYEES;

MIN(HIRE_                                                                                                                                                                                               
---------                                                                                                                                                                                               
17-JUL-87                                                                                                                                                                                               

SQL> REM 3 DISPLAY LOWEST COMMISSION_PCT PAID BY COMPANY
SQL> 
SQL> SELECT MIN(COMMISSION_PCT) FROM EMPLOYEES;

MIN(COMMISSION_PCT)                                                                                                                                                                                     
-------------------                                                                                                                                                                                     
                .15                                                                                                                                                                                     

SQL> REM 4 DISPLAY TOTAL COMMISSION   A M O U N T  PAID BY COMPANY
SQL> 
SQL> SELECT SUM(SALARY*COMMISSION_PCT) FROM EMPLOYEES;

SUM(SALARY*COMMISSION_PCT)                                                                                                                                                                              
--------------------------                                                                                                                                                                              
                      9030                                                                                                                                                                              

SQL> REM 5 DISPLAY COUNT OF NON-DUPLICATE JOB_ID
SQL> 
SQL> SELECT COUNT(DISTINCT JOB_ID) FROM EMPLOYEES;

COUNT(DISTINCTJOB_ID)                                                                                                                                                                                   
---------------------                                                                                                                                                                                   
                   12                                                                                                                                                                                   

SQL> REM DISPLAY COUNT OF EMPLOYEES IN WHOLE COMPANY
SQL> 
SQL> SELECT COUNT(*) FROM EMPLOYEES;

  COUNT(*)                                                                                                                                                                                              
----------                                                                                                                                                                                              
        20                                                                                                                                                                                              

SQL> REM DISPLAY COUNT OF EMPLOYEES WHO WORK IN DEPARTMENT 50
SQL> 
SQL> SELECT COUNT(*) FROM EMPLOYEES WHERE DEPARTMENT_ID = 50;

  COUNT(*)                                                                                                                                                                                              
----------                                                                                                                                                                                              
         5                                                                                                                                                                                              

SQL> SELECT * FROM EMPLOYEES;

EMPLOYEE_ID FIRST_NAME      LAST_NAME       EMAIL      PHONE_NUMBER         HIRE_DATE JOB_ID         SALARY COMMISSION_PCT MANAGER_ID DEPARTMENT_ID                                                     
----------- --------------- --------------- ---------- -------------------- --------- ---------- ---------- -------------- ---------- -------------                                                     
        100 Steven          King            SKING      515.123.4567         17-JUL-87 AD_PRES         24000                                      90                                                     
        101 Neena           Kochhar         NKOCHHAR   515.123.4568         21-SEP-89 AD_VP           17000                       100            90                                                     
        102 Lex             De Haan         LDEHAAN    515.123.4569         13-JAN-93 AD_VP           17000                       100            90                                                     
        103 Alexander       Hunold          AHUNOLD    590.423.4567         03-JAN-90 IT_PROG          9000                       102            60                                                     
        104 Bruce           Ernst           BERNST     590.423.4568         21-MAY-91 IT_PROG          6000                       103            60                                                     
        107 Diana           Lorentz         DLORENTZ   590.423.5567         07-FEB-99 IT_PROG          4200                       103            60                                                     
        124 Kevin           Mourgos         KMOURGOS   650.123.5234         16-NOV-99 ST_MAN           5800                       100            50                                                     
        141 Trenna          Rajs            TRAJS      650.121.8009         17-OCT-95 ST_CLERK         3500                       124            50                                                     
        142 Curtis          Davies          CDAVIES    650.121.2994         29-JAN-97 ST_CLERK         3100                       124            50                                                     
        143 Randall         Matos           RMATOS     650.121.2874         15-MAR-98 ST_CLERK         2600                       124            50                                                     
        144 Peter           Vargas                     650.121.2004         09-JUL-98 ST_CLERK         2500                       124            50                                                     
        149 Eleni           Zlotkey         EZLOTKEY   011.44.1344.429018   29-JAN-00 SA_MAN          10500             .2        100            80                                                     
        174 Ellen           Abel            EABEL      011.44.1644.429267   11-MAY-96 SA_REP          11000             .3        149            80                                                     
        176 Jonathon        Taylor          JTAYLOR    011.44.1644.429265   24-MAR-98 SA_REP           8600             .3        149            80                                                     
        178 Kimerely        Grant           KGRANT     011.44.1644.429263   24-MAY-99 SA_REP           7000            .15        149                                                                   
        200 Jennifer        Whalen          JWHALEN    515.123.4444         17-SEP-87 AD_ASST          4400                       101            10                                                     
        201 Michael         Hartstein       MHARTSTE   515.123.5555         17-FEB-96 MK_MAN          13000                       100            20                                                     
        202 Pat             Fay             PFAY       603.123.6666         17-AUG-97 MK_REP           6000                       201            20                                                     
        205 Shelley         Higgins         SHIGGINS   515.123.8080         07-JUN-94 AC_MGR          12000                       101           110                                                     
        206 William         Gietz           WGIETZ     515.123.8181         07-JUN-94 AC_ACCOUNT       8300                       205           110                                                     

20 rows selected.

SQL> REM 1 DISPLAY COUNT OF THOSE WHO WERE HIRED IN YEAR 99
SQL> 
SQL> REM 2 DISPLAY TOTAL SALARY PAID TO THOSE WHO WERE HIRED IN ODD QUARTERS
SQL> 
SQL> REM 3 DISPLAY COUNT OF PHONE_NUMBER WHICH CONTAINS 3 TIMES . (DOT)
SQL> 
SQL> REM 4 DISPAY AVERAGE SALARY PAID TO THOSE WHO WORKS IN ANY OF THE DEPARTMENTS 100 90 110
SQL> 
SQL> REM 5 DISPLAY COUNT OF THOSE WHO WERE HIRED IN 3rd WEEK OF ANY MONTH/YEAR
SQL> 
SQL> 
SQL> 
SQL> REM 1 DISPLAY COUNT OF THOSE WHO WERE HIRED IN YEAR 99
SQL> 
SQL> SELECT COUNT(*) FROM EMPLOYEES WHERE HIRE_DATE LIKE LIKE '%99';
SELECT COUNT(*) FROM EMPLOYEES WHERE HIRE_DATE LIKE LIKE '%99'
                                                    *
ERROR at line 1:
ORA-00936: missing expression 


SQL> SELECT COUNT(*) FROM EMPLOYEES WHERE HIRE_DATE LIKE '%99';

  COUNT(*)                                                                                                                                                                                              
----------                                                                                                                                                                                              
         3                                                                                                                                                                                              

SQL> SELECT COUNT(*) FROM EMPLOYEES WHERE SUBSTR(HIRE_DATE,-2) = '99';

  COUNT(*)                                                                                                                                                                                              
----------                                                                                                                                                                                              
         3                                                                                                                                                                                              

SQL> SELECT COUNT(*) FROM EMPLOYEES WHERE TO_CHAR(HIRE_DATE,'RR') = '99';

  COUNT(*)                                                                                                                                                                                              
----------                                                                                                                                                                                              
         3                                                                                                                                                                                              

SQL> SELECT COUNT(*) FROM EMPLOYEES WHERE HIRE_DATE >= '1JAN99' AND HIRE_DATE <= '31DEC99';

  COUNT(*)                                                                                                                                                                                              
----------                                                                                                                                                                                              
         3                                                                                                                                                                                              

SQL> SELECT COUNT(*) FROM EMPLOYEES WHERE HIRE_DATE BETWEEN '1JAN99' AND '31DEC99';

  COUNT(*)                                                                                                                                                                                              
----------                                                                                                                                                                                              
         3                                                                                                                                                                                              

SQL> SELECT COUNT(*) FROM EMPLOYEES WHERE INSTR(HIRE_DATE,'99') > 0;

  COUNT(*)                                                                                                                                                                                              
----------                                                                                                                                                                                              
         3                                                                                                                                                                                              

SQL> SELECT COUNT(*) FROM EMPLOYEES WHERE INSTR(HIRE_DATE,'99') = 8;

  COUNT(*)                                                                                                                                                                                              
----------                                                                                                                                                                                              
         3                                                                                                                                                                                              

SQL> REM 2 DISPLAY TOTAL SALARY PAID TO THOSE WHO WERE HIRED IN ODD QUARTERS
SQL> 
SQL> SELECT SUM(SALARY) FROM EMPLOYEES WHERE TO_CHAR(HIRE_DATE,'Q') IN (1,3);

SUM(SALARY)                                                                                                                                                                                             
-----------                                                                                                                                                                                             
     121900                                                                                                                                                                                             

SQL> REM 3 DISPLAY COUNT OF PHONE_NUMBER WHICH CONTAINS 3 TIMES . (DOT)
SQL> 
SQL> SELECT COUNT(*) FROM EMPLOYEES WHERE PHONE_NUMBER LIKE '%.%.%.%';

  COUNT(*)                                                                                                                                                                                              
----------                                                                                                                                                                                              
         4                                                                                                                                                                                              

SQL> SELECT COUNT(*) FROM EMPLOYEES WHERE INSTR(PHONE_NUMBER,'.',1,3) > 0;

  COUNT(*)                                                                                                                                                                                              
----------                                                                                                                                                                                              
         4                                                                                                                                                                                              

SQL> REM 4 DISPAY AVERAGE SALARY PAID TO THOSE WHO WORKS IN ANY OF THE DEPARTMENTS 100 90 110
SQL> 
SQL> SELECT AVG(SALARY) FROM EMPLOYEES WHERE DEPARTMENT_ID IN (10,90,110);

AVG(SALARY)                                                                                                                                                                                             
-----------                                                                                                                                                                                             
 13783.3333                                                                                                                                                                                             

SQL> SELECT AVG(SALARY) FROM EMPLOYEES WHERE DEPARTMENT_ID = ANY (10,90,110);

AVG(SALARY)                                                                                                                                                                                             
-----------                                                                                                                                                                                             
 13783.3333                                                                                                                                                                                             

SQL> SELECT AVG(SALARY) FROM EMPLOYEES WHERE DEPARTMENT_ID = SOME (10,90,110);

AVG(SALARY)                                                                                                                                                                                             
-----------                                                                                                                                                                                             
 13783.3333                                                                                                                                                                                             

SQL> SELECT AVG(SALARY) FROM EMPLOYEES WHERE DEPARTMENT_ID = 10 OR DEPARTMENT_ID = 90 OR DEPARTMENT_ID = 110;

AVG(SALARY)                                                                                                                                                                                             
-----------                                                                                                                                                                                             
 13783.3333                                                                                                                                                                                             

SQL> REM 5 DISPLAY COUNT OF THOSE WHO WERE HIRED IN 3rd WEEK OF ANY MONTH/YEAR
SQL> 
SQL> SELECT COUNT(*) FROM EMPLOYEES WHERE TO_CHAR(HIRE_DATE,'W') = 3;

  COUNT(*)                                                                                                                                                                                              
----------                                                                                                                                                                                              
         9                                                                                                                                                                                              

SQL> SELECT COUNT(*) FROM EMPLOYEES WHERE TO_CHAR(HIRE_DATE,'DD') BETWEEN 15 AND 21;

  COUNT(*)                                                                                                                                                                                              
----------                                                                                                                                                                                              
         9                                                                                                                                                                                              

SQL> SPOOL OFF
